// Jest Snapshot v1, https://goo.gl/fbAQLP

exports[`AdminTable displays 3 rows of data with expected column names: name, email, role, action 1`] = `
<table
  className="table"
  role="table"
>
  <thead>
    <tr
      role="row"
    >
      <th
        className="headerCell"
        colSpan={1}
        role="columnheader"
      >
        Name
      </th>
      <th
        className="headerCell"
        colSpan={1}
        role="columnheader"
      >
        Email
      </th>
      <th
        className="headerCell"
        colSpan={1}
        role="columnheader"
      >
        Role
      </th>
      <th
        className="headerCell"
        colSpan={1}
        role="columnheader"
      >
        Actions
      </th>
    </tr>
  </thead>
  <tbody
    role="rowgroup"
  >
    <tr
      className="row"
      role="row"
    >
      <td
        className="cell"
        role="cell"
        style={
          {
            "width": "20%",
          }
        }
      >
        Hamzat Victor
      </td>
      <td
        className="cell"
        role="cell"
        style={
          {
            "width": "20%",
          }
        }
      >
        oluwaborihamzat@gmail.com
      </td>
      <td
        className="cell"
        role="cell"
        style={
          {
            "width": "20%",
          }
        }
      >
        ADMIN
      </td>
      <td
        className="cell"
        role="cell"
        style={
          {
            "width": "20%",
          }
        }
      >
        <a
          href="/admin/actions/1"
          onClick={[Function]}
          onMouseEnter={[Function]}
          onTouchStart={[Function]}
        >
          View Possible Actions
        </a>
      </td>
    </tr>
    <tr
      className="row"
      role="row"
    >
      <td
        className="cell"
        role="cell"
        style={
          {
            "width": "20%",
          }
        }
      >
        Alade Christopher
      </td>
      <td
        className="cell"
        role="cell"
        style={
          {
            "width": "20%",
          }
        }
      >
        aladechristoph@gmail.com
      </td>
      <td
        className="cell"
        role="cell"
        style={
          {
            "width": "20%",
          }
        }
      >
        TEACHER
      </td>
      <td
        className="cell"
        role="cell"
        style={
          {
            "width": "20%",
          }
        }
      >
        <a
          href="/admin/actions/2"
          onClick={[Function]}
          onMouseEnter={[Function]}
          onTouchStart={[Function]}
        >
          View Possible Actions
        </a>
      </td>
    </tr>
    <tr
      className="row"
      role="row"
    >
      <td
        className="cell"
        role="cell"
        style={
          {
            "width": "20%",
          }
        }
      >
        Ayomide onifade
      </td>
      <td
        className="cell"
        role="cell"
        style={
          {
            "width": "20%",
          }
        }
      >
        Jangulabi@gmail.com
      </td>
      <td
        className="cell"
        role="cell"
        style={
          {
            "width": "20%",
          }
        }
      >
        TEACHER
      </td>
      <td
        className="cell"
        role="cell"
        style={
          {
            "width": "20%",
          }
        }
      >
        <a
          href="/admin/actions/3"
          onClick={[Function]}
          onMouseEnter={[Function]}
          onTouchStart={[Function]}
        >
          View Possible Actions
        </a>
      </td>
    </tr>
  </tbody>
  <tfoot>
    <tr>
      <td
        className="footer"
        colSpan="4"
      >
        <div
          className="paginationContainer"
        >
          <label>
            Rows per page:
            <select
              onChange={[Function]}
              value={10}
            >
              <option
                value={3}
              >
                3
              </option>
            </select>
          </label>
          <span
            className="paginationInfo"
          >
            1
            -
            3
             of 
            3
          </span>
          <button
            className="paginationButton paginationButtonDisabled"
            disabled={true}
            onClick={[Function]}
          >
            |
            <b>
              &lt;
            </b>
          </button>
          <button
            className="paginationButton paginationButtonDisabled"
            disabled={true}
            onClick={[Function]}
          >
            <b>
              &lt;
            </b>
          </button>
          <button
            className="paginationButton paginationButtonDisabled"
            disabled={true}
            onClick={[Function]}
          >
            <b>
              &gt;
            </b>
          </button>
          <button
            className="paginationButton paginationButtonDisabled"
            disabled={true}
            onClick={[Function]}
          >
            <b>
              &gt;
            </b>
            |
          </button>
        </div>
      </td>
    </tr>
  </tfoot>
</table>
`;
